// Jest Snapshot v1, https://goo.gl/fbAQLP

exports[`Icon render Should show match Icon DOM Snapshot 1`] = `
<div>
  <div
    class="css-fm4v0q"
  >
    <img
      alt="facebook"
      data-nimg="fill"
      data-testid="image"
      decoding="async"
      loading="lazy"
      sizes="100vw"
      src="/images/facebook.svg?w=3840&q=75"
      srcset="/images/facebook.svg?w=640&q=75 640w, /images/facebook.svg?w=750&q=75 750w, /images/facebook.svg?w=828&q=75 828w, /images/facebook.svg?w=1080&q=75 1080w, /images/facebook.svg?w=1200&q=75 1200w, /images/facebook.svg?w=1920&q=75 1920w, /images/facebook.svg?w=2048&q=75 2048w, /images/facebook.svg?w=3840&q=75 3840w"
      style="position: absolute; height: 100%; width: 100%; left: 0px; top: 0px; right: 0px; bottom: 0px; color: transparent;"
    />
  </div>
  <span
    hidden=""
    id="__chakra_env"
  />
</div>
`;
