// Jest Snapshot v1, https://goo.gl/fbAQLP

exports[`CardProduct render Should match data for card component 1`] = `
<div>
  <div
    class="css-7ccns3"
  >
    <div
      class="css-ervdjc"
    >
      <p
        class="chakra-text css-1ok93o9"
      >
        Sold out
      </p>
    </div>
    <img
      alt="Lira Earrings"
      data-nimg="1"
      decoding="async"
      height="300"
      loading="lazy"
      src="https://firebasestorage.googleapis.com/v0/b/test-1-50371.appspot.com/o/shoppe-products%2FImg-04.png?alt=media&token=641c3cfe-cab6-4498-8632-eb511434e042?w=640&q=75"
      srcset="https://firebasestorage.googleapis.com/v0/b/test-1-50371.appspot.com/o/shoppe-products%2FImg-04.png?alt=media&token=641c3cfe-cab6-4498-8632-eb511434e042?w=384&q=75 1x, https://firebasestorage.googleapis.com/v0/b/test-1-50371.appspot.com/o/shoppe-products%2FImg-04.png?alt=media&token=641c3cfe-cab6-4498-8632-eb511434e042?w=640&q=75 2x"
      style="color: transparent;"
      width="300"
    />
    <div
      class="css-1xzknfv"
    >
      <h3
        class="chakra-heading css-7ex3dd"
      >
        <a
          href="/products/1"
        >
          Lira Earrings
        </a>
      </h3>
      <p
        class="chakra-text css-1ovs4to"
      >
        $ 20.00
      </p>
    </div>
  </div>
  <span
    hidden=""
    id="__chakra_env"
  />
</div>
`;
